// Jest Snapshot v1, https://goo.gl/fbAQLP

exports[`"Answers" component renders correctly 1`] = `
<View
  style={
    Object {
      "alignItems": "center",
      "flex": 2,
      "justifyContent": "center",
    }
  }
/>
`;
