// Jest Snapshot v1, https://goo.gl/fbAQLP

exports[`"GameOverPopup" component renders correctly 1`] = `
<Modal
  animationType="fade"
  hardwareAccelerated={false}
  onRequestClose={[Function]}
  transparent={true}
  visible={true}
>
  <View
    style={
      Object {
        "alignItems": "center",
        "backgroundColor": "rgba(0,0,0,0.5)",
        "flex": 1,
        "justifyContent": "center",
      }
    }
  >
    <View
      style={
        Object {
          "alignItems": "center",
          "backgroundColor": "black",
          "borderRadius": 20,
          "height": "92%",
          "justifyContent": "space-around",
          "width": "90%",
        }
      }
    >
      <View
        style={
          Object {
            "alignItems": "center",
            "flex": 1,
            "justifyContent": "center",
          }
        }
      >
        <Text
          style={
            Object {
              "color": "white",
              "fontFamily": "Signika",
              "fontSize": 17,
              "marginVertical": 15,
              "textAlign": "center",
            }
          }
        >
          GAME OVER
        </Text>
      </View>
      <View
        style={
          Object {
            "alignItems": "center",
            "flex": 1,
            "flexDirection": "row",
            "justifyContent": "space-between",
          }
        }
      >
        <View
          accessible={true}
          isTVSelectable={true}
          onResponderGrant={[Function]}
          onResponderMove={[Function]}
          onResponderRelease={[Function]}
          onResponderTerminate={[Function]}
          onResponderTerminationRequest={[Function]}
          onStartShouldSetResponder={[Function]}
          style={
            Object {
              "alignItems": "center",
              "backgroundColor": "grey",
              "borderRadius": 5,
              "justifyContent": "center",
              "paddingHorizontal": 15,
              "paddingVertical": 7,
            }
          }
        >
          <Text
            style={
              Object {
                "fontFamily": "Signika",
              }
            }
          >
            Back to menu
          </Text>
        </View>
        <View
          accessible={true}
          isTVSelectable={true}
          onResponderGrant={[Function]}
          onResponderMove={[Function]}
          onResponderRelease={[Function]}
          onResponderTerminate={[Function]}
          onResponderTerminationRequest={[Function]}
          onStartShouldSetResponder={[Function]}
          style={
            Object {
              "alignItems": "center",
              "backgroundColor": "grey",
              "borderRadius": 5,
              "justifyContent": "center",
              "paddingHorizontal": 15,
              "paddingVertical": 7,
            }
          }
        >
          <Text
            style={
              Object {
                "fontFamily": "Signika",
              }
            }
          >
            Try again
          </Text>
        </View>
      </View>
    </View>
  </View>
</Modal>
`;
