// Jest Snapshot v1, https://goo.gl/fbAQLP

exports[`"Popup" component renders correctly 1`] = `
<Modal
  animationType="fade"
  hardwareAccelerated={false}
  onRequestClose={[Function]}
  transparent={true}
  visible={true}
>
  <View
    style={
      Object {
        "alignItems": "center",
        "backgroundColor": "rgba(0,0,0,0.5)",
        "flex": 1,
        "justifyContent": "center",
      }
    }
  >
    <View
      style={
        Object {
          "alignItems": "center",
          "backgroundColor": "black",
          "borderRadius": 20,
          "height": "32%",
          "justifyContent": "space-around",
          "width": "80%",
        }
      }
    >
      <Text
        style={
          Object {
            "color": "white",
            "fontFamily": "Signika",
            "marginVertical": 25,
            "textAlign": "center",
          }
        }
      />
      <View
        accessible={true}
        isTVSelectable={true}
        onResponderGrant={[Function]}
        onResponderMove={[Function]}
        onResponderRelease={[Function]}
        onResponderTerminate={[Function]}
        onResponderTerminationRequest={[Function]}
        onStartShouldSetResponder={[Function]}
        style={
          Object {
            "alignItems": "center",
            "backgroundColor": "grey",
            "borderRadius": 10,
            "justifyContent": "center",
            "paddingHorizontal": 10,
            "paddingVertical": 7,
          }
        }
      >
        <Text
          style={
            Object {
              "fontFamily": "Signika",
            }
          }
        >
          close
        </Text>
      </View>
    </View>
  </View>
</Modal>
`;
