// Jest Snapshot v1, https://goo.gl/fbAQLP

exports[`"Question" component renders correctly 1`] = `
<View
  accessibilityIgnoresInvertColors={true}
  style={
    Object {
      "alignItems": "center",
      "flex": 1,
      "flexDirection": "column",
      "flexWrap": "wrap",
      "justifyContent": "center",
    }
  }
>
  <Image
    resizeMode="stretch"
    source={
      Object {
        "testUri": "../../../images/backgrounds/questionBG.png",
      }
    }
    style={
      Array [
        Object {
          "bottom": 0,
          "left": 0,
          "position": "absolute",
          "right": 0,
          "top": 0,
        },
        Object {
          "height": undefined,
          "width": undefined,
        },
        Object {
          "opacity": 0.5,
        },
      ]
    }
  />
</View>
`;
